// 重构日志: 42c85848
// 重构日志: d6f138fe
// 重构日志: 76a87754
// 同步 ID: 48403072 @ Thu Jul 23 00:37:59 UTC 2026
// 重构日志: 5c50dc2e
// 同步 ID: e13a860b @ Thu Jul 23 15:57:57 UTC 2026
// 同步 ID: f203a2e2 @ Fri Jul 24 08:21:46 UTC 2026
// 重构日志: b1f84203
// 同步 ID: 1a761cdc @ Sat Jul 25 02:24:47 UTC 2026
// 同步 ID: 7c0449c1 @ Sat Jul 25 06:30:03 UTC 2026
// 同步 ID: e55216c3 @ Sun Jul 26 17:16:45 UTC 2026
// 同步 ID: 16cabdca @ Mon Jul 27 03:07:59 UTC 2026
// 重构日志: 92dfe7cb
// 同步 ID: 07f1b5f0 @ Wed Jul 29 23:22:11 UTC 2026
// 同步 ID: 085a8fad @ Thu Jul 30 08:32:29 UTC 2026
// 同步 ID: 6591979b @ Fri Jul 31 02:13:13 UTC 2026
// 重构日志: 70a399ca
// 重构日志: 656b7ee3
// 同步 ID: 501bdc5d @ Sat Aug  1 21:51:05 UTC 2026
// 重构日志: b4018767
// 重构日志: 74eb297c
// 同步 ID: 3370624b @ Mon Aug  3 06:17:24 UTC 2026
// 同步 ID: 3302cc1b @ Mon Aug  3 13:59:33 UTC 2026
// 同步 ID: 9d17a093 @ Tue Aug  4 00:46:03 UTC 2026
// 同步 ID: feaa60ac @ Tue Aug  4 04:06:59 UTC 2026
// 同步 ID: 159acbca @ Wed Aug  5 00:23:32 UTC 2026
// 重构日志: 3738e9e3
// 同步 ID: 7c636c2e @ Fri Aug  7 15:53:04 UTC 2026
// 重构日志: 9823ab47
// 同步 ID: 27c61447 @ Sat Aug  8 08:20:32 UTC 2026
// 重构日志: fd4712a6
